<?xml version="1.0" encoding="utf-8"?><testsuites name="pytest tests"><testsuite name="pytest" errors="0" failures="0" skipped="2" tests="492" time="9.504" timestamp="2026-05-25T20:18:20.354005-04:00" hostname="SERVER"><testcase classname="tests.test_models_extended.TestStatus" name="test_outdated_status_is_capitalized" file="tests/test_models_extended.py" line="165" time="0.009" /><testcase classname="tests.test_bots.test_02.test_models" name="test_is_problem_true" file="tests/test_bots/test_02/test_models.py" line="96" time="0.006" /><testcase classname="tests.test_bots.test_02.test_models" name="test_status_wrong_os" file="tests/test_bots/test_02/test_models.py" line="24" time="0.003" /><testcase classname="tests.test_bots.test_02.test_models" name="test_is_problem_false_not_needed_for_os" file="tests/test_bots/test_02/test_models.py" line="218" time="0.001" /><testcase classname="tests.test_models_extended.TestCliToolConfigCacheHash" name="test_hash_length_is_md5" file="tests/test_models_extended.py" line="73" time="0.001" /><testcase classname="tests.test_models_extended.TestCliToolConfigCacheHash" name="test_different_name_different_hash" file="tests/test_models_extended.py" line="59" time="0.001" /><testcase classname="tests.test_bots.test_02.test_models" name="test_status_outdated_message" file="tests/test_bots/test_02/test_models.py" line="165" time="0.001" /><testcase classname="tests.test_models_extended.TestCliToolConfigCacheHash" name="test_hash_is_string" file="tests/test_models_extended.py" line="69" time="0.001" /><testcase classname="tests.test_bots.test_02.test_models" name="test_status_broken_tool" file="tests/test_bots/test_02/test_models.py" line="78" time="0.001" /><testcase classname="tests.test_bots.test_02.test_models" name="test_tool_availability_result2" file="tests/test_bots/test_02/test_models.py" line="188" time="0.000" /><testcase classname="tests.test_models_extended.TestCliToolConfigCacheHash" name="test_same_config_same_hash" file="tests/test_models_extended.py" line="54" time="0.001" /><testcase classname="tests.test_bots.test_02.test_models" name="test_status_compatible" file="tests/test_bots/test_02/test_models.py" line="146" time="0.001" /><testcase classname="tests.test_models_extended.TestCliToolConfigCacheHash" name="test_different_version_different_hash" file="tests/test_models_extended.py" line="64" time="0.001" /><testcase classname="tests.test_bots.test_02.test_models" name="test_status_existence_schema" file="tests/test_bots/test_02/test_models.py" line="60" time="0.000" /><testcase classname="tests.test_models_extended.TestSchemaType" name="test_from_value" file="tests/test_models_extended.py" line="39" time="0.001" /><testcase classname="tests.test_bots.test_02.test_models" name="test_cache_hash" file="tests/test_bots/test_02/test_models.py" line="14" time="0.001" /><testcase classname="tests.test_models_extended.TestSchemaType" name="test_str_returns_value" file="tests/test_models_extended.py" line="33" time="0.001" /><testcase classname="tests.test_models_extended.TestSchemaType" name="test_invalid_value_raises" file="tests/test_models_extended.py" line="43" time="0.001" /><testcase classname="tests.test_bots.test_02.test_models" name="test_is_problem_false" file="tests/test_bots/test_02/test_models.py" line="114" time="0.001" /><testcase classname="tests.test_models_extended.TestIsProblem" name="test_incompatible_is_problem" file="tests/test_models_extended.py" line="185" time="0.001" /><testcase classname="tests.test_bots.test_02.test_models" name="test_tool_availability_result" file="tests/test_bots/test_02/test_models.py" line="132" time="0.001" /><testcase classname="tests.test_bots.test_02.test_models" name="test_status_not_available" file="tests/test_bots/test_02/test_models.py" line="42" time="0.001" /><testcase classname="tests.test_models_extended.TestIsProblem" name="test_unavailable_is_problem" file="tests/test_models_extended.py" line="181" time="0.001" /><testcase classname="tests.test_models_extended.TestIsProblem" name="test_broken_but_available_and_compatible_is_still_not_problem_by_field" file="tests/test_models_extended.py" line="193" time="0.001" /><testcase classname="tests.test_bots.test_02.test_models" name="test_cache_hash_empty_config" file="tests/test_bots/test_02/test_models.py" line="205" time="0.001" /><testcase classname="tests.test_models_extended.TestIsProblem" name="test_compatible_and_available_is_not_problem" file="tests/test_models_extended.py" line="177" time="0.000" /><testcase classname="tests.test_hypothesis.test_config_reader" name="test_fuzz_read_config" file="tests/test_hypothesis/test_config_reader.py" line="11" time="0.017" /><testcase classname="tests.test_models_extended.TestIsProblem" name="test_wrong_os_not_a_problem" file="tests/test_models_extended.py" line="189" time="0.000" /><testcase classname="tests.test_models_extended.TestToolAvailabilityResult" name="test_fields" file="tests/test_models_extended.py" line="205" time="0.000" /><testcase classname="tests.test_bots.test_01.test_freeze" name="test_freeze_to_config_handles_exceptions" file="tests/test_bots/test_01/test_freeze.py" line="72" time="0.008" /><testcase classname="tests.test_bots.test_01.test_freeze" name="test_freeze_requirements[tool_names0-expected_results0]" file="tests/test_bots/test_01/test_freeze.py" line="13" time="0.002" /><testcase classname="tests.test_bots.test_01.test_freeze" name="test_freeze_to_config_happy_path" file="tests/test_bots/test_01/test_freeze.py" line="118" time="0.002" /><testcase classname="tests.test_bots.test_01.test_freeze" name="test_freeze_to_config_empty_tool_list" file="tests/test_bots/test_01/test_freeze.py" line="149" time="0.001" /><testcase classname="tests.test_bots.test_01.test_version_parsing" name="test_two_pass_semver_parse[not.a.version-None]" file="tests/test_bots/test_01/test_version_parsing.py" line="15" time="0.011" /><testcase classname="tests.test_bots.test_01.test_freeze" name="test_freeze_requirements[tool_names1-expected_results1]" file="tests/test_bots/test_01/test_freeze.py" line="13" time="0.004" /><testcase classname="tests.test_bots.test_01.test_freeze" name="test_freeze_to_config_all_tools_unavailable" file="tests/test_bots/test_01/test_freeze.py" line="166" time="0.001" /><testcase classname="tests.test_bots.test_01.test_freeze" name="test_freeze_to_config_creating_update_tool_config_error" file="tests/test_bots/test_01/test_freeze.py" line="222" time="0.002" /><testcase classname="tests.test_bots.test_01.test_freeze" name="test_freeze_requirements[tool_names2-expected_results2]" file="tests/test_bots/test_01/test_freeze.py" line="13" time="0.002" /><testcase classname="tests.test_bots.test_01.test_version_parsing" name="test_convert2semver" file="tests/test_bots/test_01/test_version_parsing.py" line="90" time="0.003" /><testcase classname="tests.test_bots.test_01.test_freeze" name="test_freeze_to_config_read_config_error" file="tests/test_bots/test_01/test_freeze.py" line="195" time="0.002" /><testcase classname="tests.test_bots.test_01.test_json_utils" name="test_custom_json_serializer_valid[input_value0-2023-01-01T12:00:00]" file="tests/test_bots/test_01/test_json_utils.py" line="22" time="0.002" /><testcase classname="tests.test_bots.test_01.test_version_parsing" name="test_two_pass_semver_parse_happy_path" file="tests/test_bots/test_01/test_version_parsing.py" line="103" time="0.001" /><testcase classname="tests.test_bots.test_01.test_version_parsing" name="test_two_pass_semver_parse[1.2.3.4-expected_version5]" file="tests/test_bots/test_01/test_version_parsing.py" line="15" time="0.001" /><testcase classname="tests.test_bots.test_01.test_json_utils" name="test_custom_json_serializer_invalid[input_value0]" file="tests/test_bots/test_01/test_json_utils.py" line="37" time="0.001" /><testcase classname="tests.test_bots.test_01.test_version_parsing" name="test_two_pass_semver_parse[1.2-expected_version1]" file="tests/test_bots/test_01/test_version_parsing.py" line="15" time="0.001" /><testcase classname="tests.test_bots.test_01.test_json_utils" name="test_custom_json_serializer_date" file="tests/test_bots/test_01/test_json_utils.py" line="64" time="0.001" /><testcase classname="tests.test_bots.test_01.test_json_utils" name="test_custom_json_serializer_str" file="tests/test_bots/test_01/test_json_utils.py" line="93" time="0.001" /><testcase classname="tests.test_bots.test_01.test_version_parsing" name="test_two_pass_semver_parse_with_side_effects" file="tests/test_bots/test_01/test_version_parsing.py" line="110" time="0.002" /><testcase classname="tests.test_bots.test_01.test_json_utils" name="test_custom_json_serializer_invalid[A string]" file="tests/test_bots/test_01/test_json_utils.py" line="37" time="0.001" /><testcase classname="tests.test_bots.test_01.test_json_utils" name="test_custom_json_serializer_dataclass" file="tests/test_bots/test_01/test_json_utils.py" line="74" time="0.001" /><testcase classname="tests.test_bots.test_01.test_json_utils" name="test_custom_json_serializer_dict" file="tests/test_bots/test_01/test_json_utils.py" line="103" time="0.001" /><testcase classname="tests.test_bots.test_01.test_version_parsing" name="test_two_pass_semver_parse[-None]" file="tests/test_bots/test_01/test_version_parsing.py" line="15" time="0.001" /><testcase classname="tests.test_bots.test_01.test_json_utils" name="test_custom_json_serializer_int" file="tests/test_bots/test_01/test_json_utils.py" line="88" time="0.000" /><testcase classname="tests.test_bots.test_01.test_version_parsing" name="test_extract_first_two_part_version" file="tests/test_bots/test_01/test_version_parsing.py" line="70" time="0.001" /><testcase classname="tests.test_bots.test_01.test_json_utils" name="test_custom_json_serializer_valid[input_value1-2023-01-01]" file="tests/test_bots/test_01/test_json_utils.py" line="22" time="0.001" /><testcase classname="tests.test_bots.test_01.test_json_utils" name="test_custom_json_serializer_datetime" file="tests/test_bots/test_01/test_json_utils.py" line="69" time="0.000" /><testcase classname="tests.test_bots.test_01.test_version_parsing" name="test_two_pass_semver_parse[1.2.3a1-expected_version2]" file="tests/test_bots/test_01/test_version_parsing.py" line="15" time="0.001" /><testcase classname="tests.test_bots.test_01.test_json_utils" name="test_custom_json_serializer_valid[SampleEnum.OPTION_A-Option A]" file="tests/test_bots/test_01/test_json_utils.py" line="22" time="0.001" /><testcase classname="tests.test_bots.test_01.test_version_parsing" name="test_two_pass_semver_parse[1.2.3-expected_version0]" file="tests/test_bots/test_01/test_version_parsing.py" line="15" time="0.001" /><testcase classname="tests.test_bots.test_01.test_json_utils" name="test_custom_json_serializer_invalid[42]" file="tests/test_bots/test_01/test_json_utils.py" line="37" time="0.001" /><testcase classname="tests.test_bots.test_01.test_version_parsing" name="test_two_pass_semver_parse_exceptions" file="tests/test_bots/test_01/test_version_parsing.py" line="39" time="0.002" /><testcase classname="tests.test_bots.test_01.test_json_utils" name="test_custom_json_serializer_enum" file="tests/test_bots/test_01/test_json_utils.py" line="79" time="0.001" /><testcase classname="tests.test_bots.test_01.test_version_parsing" name="test_extract_first_semver_version" file="tests/test_bots/test_01/test_version_parsing.py" line="80" time="0.001" /><testcase classname="tests.test_bots.test_01.test_json_utils" name="test_custom_json_serializer_valid[input_value2-expected_output2]" file="tests/test_bots/test_01/test_json_utils.py" line="22" time="0.001" /><testcase classname="tests.test_bots.test_01.test_version_parsing" name="test_two_pass_semver_parse[1.2.3a1.post1-expected_version3]" file="tests/test_bots/test_01/test_version_parsing.py" line="15" time="0.001" /><testcase classname="tests.test_bots.test_01.test_json_utils" name="test_custom_json_serializer_none" file="tests/test_bots/test_01/test_json_utils.py" line="83" time="0.001" /><testcase classname="tests.test_bots.test_01.test_json_utils" name="test_custom_json_serializer_list" file="tests/test_bots/test_01/test_json_utils.py" line="98" time="0.001" /><testcase classname="tests.test_bots.test_01.test_version_parsing" name="test_two_pass_semver_parse[2.0.0-beta-expected_version6]" file="tests/test_bots/test_01/test_version_parsing.py" line="15" time="0.001" /><testcase classname="tests.test_bots.test_01.test_version_parsing" name="test_two_pass_semver_parse[1.0.0+build.1-expected_version7]" file="tests/test_bots/test_01/test_version_parsing.py" line="15" time="0.001" /><testcase classname="tests.test_bots.test_02.test___main__" name="test_handle_audit" file="tests/test_bots/test_02/test___main__.py" line="15" time="0.001" /><testcase classname="tests.test_bots.test_02.test___main__" name="test_main_handle_audit_mock" file="tests/test_bots/test_02/test___main__.py" line="42" time="0.026" /><testcase classname="tests.test_bots.test_01.test_audit_cache" name="test_edge_case_tool_name_with_special_character" file="tests/test_bots/test_01/test_audit_cache.py" line="114" time="0.011" /><testcase classname="tests.test_bots.test_01.test_audit_cache" name="test_read_from_cache_file_not_found" file="tests/test_bots/test_01/test_audit_cache.py" line="74" time="0.004" /><testcase classname="tests.test_bots.test_01.test_audit_cache" name="test_happy_path_write_to_cache" file="tests/test_bots/test_01/test_audit_cache.py" line="96" time="0.003" /><testcase classname="tests.test_bots.test_01.test_audit_cache" name="test_edge_case_multiple_cache_writes" file="tests/test_bots/test_01/test_audit_cache.py" line="128" time="0.003" /><testcase classname="tests.test_bots.test_01.test_audit_cache" name="test_read_from_cache[None-None-False]" file="tests/test_bots/test_01/test_audit_cache.py" line="24" time="0.002" /><testcase classname="tests.test_views" name="test_report_from_pyproject_toml_prints_summary_and_fix_hints" file="tests/test_views.py" line="81" time="0.093" /><testcase classname="tests.test_bots.test_01.test_compatibility" name="test_check_compatibility[&gt;=1.1.1-1.1.2-Compatible-expected_version2]" file="tests/test_bots/test_01/test_compatibility.py" line="8" time="0.014" /><testcase classname="tests.test_bots.test_01.test_compatibility" name="test_check_compatibility[&gt;=1.1.1-1.1.1-Compatible-expected_version0]" file="tests/test_bots/test_01/test_compatibility.py" line="8" time="0.002" /><testcase classname="tests.test_bots.test_01.test_compatibility" name="test_check_compatibility[&gt;=1.1.1-1.1.0-Compatible-expected_version1]" file="tests/test_bots/test_01/test_compatibility.py" line="8" time="0.001" /><testcase classname="tests.test_bots.test_01.test_compatibility" name="test_check_compatibility[&gt;=1.1.1-invalid_version-Can't tell-None]" file="tests/test_bots/test_01/test_compatibility.py" line="8" time="0.001" /><testcase classname="tests.test_bots.test_01.test_compatibility" name="test_check_compatibility[&gt;=1.0.0-None-Can't tell-None]" file="tests/test_bots/test_01/test_compatibility.py" line="8" time="0.001" /><testcase classname="tests.test_bots.test_01.test_compatibility" name="test_check_compatibility2" file="tests/test_bots/test_01/test_compatibility.py" line="35" time="0.007" /><testcase classname="tests.test_bots.test_01.test_compatibility" name="test_check_compatibility[*-1.1.1-Compatible-None]" file="tests/test_bots/test_01/test_compatibility.py" line="8" time="0.001" /><testcase classname="tests.test_bots.test_02.test_version_parsing" name="test_extract_first_semver_version" file="tests/test_bots/test_02/test_version_parsing.py" line="33" time="0.004" /><testcase classname="tests.test_bots.test_02.test_version_parsing" name="test_extract_first_two_part_version" file="tests/test_bots/test_02/test_version_parsing.py" line="25" time="0.001" /><testcase classname="tests.test_bots.test_02.test_version_parsing" name="test_convert2semver" file="tests/test_bots/test_02/test_version_parsing.py" line="40" time="0.002" /><testcase classname="tests.test_bots.test_02.test_version_parsing" name="test_two_pass_semver_parse" file="tests/test_bots/test_02/test_version_parsing.py" line="54" time="0.004" /><testcase classname="tests.test_bots.test_01.test_view_venv_stress_test" name="test_get_executables_in_venv[linux-expected_executables3]" file="tests/test_bots/test_01/test_view_venv_stress_test.py" line="10" time="0.006" /><testcase classname="tests.test_bots.test_01.test_view_venv_stress_test" name="test_get_executables_in_venv[linux-expected_executables4]" file="tests/test_bots/test_01/test_view_venv_stress_test.py" line="10" time="0.002" /><testcase classname="tests.test_bots.test_01.test_view_venv_stress_test" name="test_get_executables_in_venv[linux-expected_executables5]" file="tests/test_bots/test_01/test_view_venv_stress_test.py" line="10" time="0.001" /><testcase classname="tests.test_bots.test_01.test_view_venv_stress_test" name="test_get_executables_in_venv[win32-expected_executables0]" file="tests/test_bots/test_01/test_view_venv_stress_test.py" line="10" time="0.001" /><testcase classname="tests.test_bots.test_01.test_view_venv_stress_test" name="test_get_executables_in_venv[win32-expected_executables1]" file="tests/test_bots/test_01/test_view_venv_stress_test.py" line="10" time="0.001" /><testcase classname="tests.test_bots.test_01.test_view_venv_stress_test" name="test_get_executables_in_venv[win32-expected_executables2]" file="tests/test_bots/test_01/test_view_venv_stress_test.py" line="10" time="0.001" /><testcase classname="tests.test_bots.test_01.test___main__" name="test_handle_create_with_exceptions[exception0-Tool already exists.]" file="tests/test_bots/test_01/test___main__.py" line="38" time="0.013" /><testcase classname="tests.test_bots.test_01.test___main__" name="test_reduce_args_tool_cli_tool_config_args[input_args1-expected_output1]" file="tests/test_bots/test_01/test___main__.py" line="9" time="0.001" /><testcase classname="tests.test_bots.test_01.test___main__" name="test_handle_create_success" file="tests/test_bots/test_01/test___main__.py" line="83" time="0.001" /><testcase classname="tests.test_bots.test_01.test___main__" name="test_handle_create_with_exceptions[exception1-Unexpected error occurred.]" file="tests/test_bots/test_01/test___main__.py" line="38" time="0.001" /><testcase classname="tests.test_bots.test_01.test___main__" name="test_handle_create_tool_exists[example_tool-Tool already exists.]" file="tests/test_bots/test_01/test___main__.py" line="101" time="0.002" /><testcase classname="tests.test_bots.test_01.test___main__" name="test_reduce_args_tool_cli_tool_config_args[input_args2-expected_output2]" file="tests/test_bots/test_01/test___main__.py" line="9" time="0.001" /><testcase classname="tests.test_bots.test_01.test___main__" name="test_handle_create_unexpected_error" file="tests/test_bots/test_01/test___main__.py" line="114" time="0.001" /><testcase classname="tests.test_bots.test_01.test___main__" name="test_reduce_args_tool_cli_tool_config_args[input_args0-expected_output0]" file="tests/test_bots/test_01/test___main__.py" line="9" time="0.001" /><testcase classname="tests.test_check_compatibility" name="test_ascii_art" file="tests/test_check_compatibility.py" line="28" time="0.002" /><testcase classname="tests.test_views" name="test_summarize_failures_uses_human_readable_reasons" file="tests/test_views.py" line="6" time="0.001" /><testcase classname="tests.test_views" name="test_get_install_hints_returns_only_configured_hints" file="tests/test_views.py" line="41" time="0.001" /><testcase classname="tests.test_check_compatibility" name="test_multiline" file="tests/test_check_compatibility.py" line="21" time="0.001" /><testcase classname="tests.test_call_tools" name="test_check_tool_availability_uses_version_output_from_called_process_error" file="tests/test_call_tools.py" line="9" time="0.008" /><testcase classname="tests.test_check_compatibility" name="test_any_will_do_compatible" file="tests/test_check_compatibility.py" line="4" time="0.001" /><testcase classname="tests.test_check_compatibility" name="test_not_compatible" file="tests/test_check_compatibility.py" line="8" time="0.001" /><testcase classname="tests.test_check_compatibility" name="test_compatible" file="tests/test_check_compatibility.py" line="12" time="0.002" /><testcase classname="tests.test_check_compatibility" name="test_isort_semver" file="tests/test_check_compatibility.py" line="65" time="0.001" /><testcase classname="tests.test_views_extended.TestShouldShowProgressBar" name="test_no_color_disables_bar" file="tests/test_views_extended.py" line="106" time="0.017" /><testcase classname="tests.test_call_tools" name="test_audit_manager_uses_version_output_from_called_process_error" file="tests/test_call_tools.py" line="26" time="0.012" /><testcase classname="tests.test_hypothesis.test_version_parsing" name="test_fuzz_extract_first_two_part_version" file="tests/test_hypothesis/test_version_parsing.py" line="21" time="1.227" /><testcase classname="tests.test_views_extended.TestShouldShowProgressBar" name="test_many_tools_enables_bar_without_ci" file="tests/test_views_extended.py" line="91" time="0.002" /><testcase classname="tests.test_views_extended.TestShouldShowProgressBar" name="test_few_tools_disables_bar" file="tests/test_views_extended.py" line="86" time="0.001" /><testcase classname="tests.test_views_extended.TestShouldShowProgressBar" name="test_ci_env_disables_bar" file="tests/test_views_extended.py" line="100" time="0.001" /><testcase classname="tests.test_views_extended.TestPrettyPrintResults" name="test_truncates_long_versions" file="tests/test_views_extended.py" line="132" time="0.005" /><testcase classname="tests.test_views_extended.TestPrettyPrintResults" name="test_empty_results_produces_table" file="tests/test_views_extended.py" line="148" time="0.001" /><testcase classname="tests.test_views_extended.TestPrettyPrintResults" name="test_rows_sorted_by_tool_name" file="tests/test_views_extended.py" line="141" time="0.004" /><testcase classname="tests.test_views_extended.TestPrettyPrintResults" name="test_returns_table_with_rows" file="tests/test_views_extended.py" line="119" time="0.001" /><testcase classname="tests.test_views_extended.TestPrettyPrintResults" name="test_include_docs_adds_columns" file="tests/test_views_extended.py" line="125" time="0.001" /><testcase classname="tests.test_views_extended.TestSummarizeFailures" name="test_no_failures_returns_none" file="tests/test_views_extended.py" line="53" time="0.002" /><testcase classname="tests.test_views_extended.TestSummarizeFailures" name="test_all_wrong_os_not_in_summary" file="tests/test_views_extended.py" line="75" time="0.001" /><testcase classname="tests.test_views_extended.TestSummarizeFailures" name="test_single_failure_uses_singular" file="tests/test_views_extended.py" line="57" time="0.001" /><testcase classname="tests.test_views_extended.TestSummarizeFailures" name="test_multiple_failures_uses_plural" file="tests/test_views_extended.py" line="62" time="0.001" /><testcase classname="tests.test_views_extended.TestSummarizeFailures" name="test_failures_sorted_alphabetically" file="tests/test_views_extended.py" line="67" time="0.001" /><testcase classname="tests.test_views_extended.TestSummarizeFailures" name="test_empty_results_returns_none" file="tests/test_views_extended.py" line="72" time="0.000" /><testcase classname="tests.test_views_extended.TestReportFormats" name="test_xml_format" file="tests/test_views_extended.py" line="191" time="0.012" /><testcase classname="tests.test_views_extended.TestReportFormats" name="test_exit_code_zero_when_all_pass" file="tests/test_views_extended.py" line="235" time="0.001" /><testcase classname="tests.test_views_extended.TestReportFormats" name="test_only_errors_all_good_prints_no_errors_message" file="tests/test_views_extended.py" line="219" time="0.001" /><testcase classname="tests.test_views_extended.TestReportFormats" name="test_csv_format" file="tests/test_views_extended.py" line="197" time="0.001" /><testcase classname="tests.test_views_extended.TestReportFormats" name="test_unknown_format_falls_back_to_table" file="tests/test_views_extended.py" line="208" time="0.001" /><testcase classname="tests.test_views_extended.TestReportFormats" name="test_json_format" file="tests/test_views_extended.py" line="174" time="0.001" /><testcase classname="tests.test_views_extended.TestReportFormats" name="test_quiet_suppresses_output" file="tests/test_views_extended.py" line="213" time="0.001" /><testcase classname="tests.test_views_extended.TestReportFormats" name="test_table_format" file="tests/test_views_extended.py" line="203" time="0.001" /><testcase classname="tests.test_views_extended.TestReportFormats" name="test_json_compact_format" file="tests/test_views_extended.py" line="183" time="0.001" /><testcase classname="tests.test_views_extended.TestReportFormats" name="test_exit_code_failure_when_any_tool_fails" file="tests/test_views_extended.py" line="224" time="0.001" /><testcase classname="tests.test_views_extended.TestReportFormats" name="test_raises_when_no_file_path_and_no_dict" file="tests/test_views_extended.py" line="246" time="0.001" /><testcase classname="tests.test_policy" name="test_apply_policy_empty_is_compatible_triggers_failure" file="tests/test_policy.py" line="56" time="0.001" /><testcase classname="tests.test_policy" name="test_apply_policy_wrong_os_is_not_treated_as_failure" file="tests/test_policy.py" line="62" time="0.000" /><testcase classname="tests.test_policy" name="test_apply_policy_broken_tool_returns_true" file="tests/test_policy.py" line="42" time="0.001" /><testcase classname="tests.test_policy" name="test_apply_policy_unavailable_tool_returns_true" file="tests/test_policy.py" line="37" time="0.000" /><testcase classname="tests.test_policy" name="test_apply_policy_all_good_returns_false" file="tests/test_policy.py" line="28" time="0.000" /><testcase classname="tests.test_policy" name="test_apply_policy_mixed_results" file="tests/test_policy.py" line="74" time="0.000" /><testcase classname="tests.test_policy" name="test_apply_policy_empty_returns_false" file="tests/test_policy.py" line="33" time="0.000" /><testcase classname="tests.test_policy" name="test_apply_policy_incompatible_string_does_not_trigger_failure" file="tests/test_policy.py" line="47" time="0.001" /><testcase classname="tests.test_call_tools_extended.TestCheckToolAvailability" name="test_unavailable_tool_returns_not_available" file="tests/test_call_tools_extended.py" line="75" time="0.008" /><testcase classname="tests.test_cache" name="test_audit_facade_caching" file="tests/test_cache.py" line="17" time="0.012" /><testcase classname="tests.test_config_manager" name="test_create_tool_config" file="tests/test_config_manager.py" line="31" time="0.016" /><testcase classname="tests.test_config_manager" name="test_update_tool_config" file="tests/test_config_manager.py" line="38" time="0.003" /><testcase classname="tests.test_config_manager" name="test_read_config" file="tests/test_config_manager.py" line="23" time="0.001" /><testcase classname="tests.test_config_manager" name="test_delete_tool_config" file="tests/test_config_manager.py" line="45" time="0.003" /><testcase classname="tests.test_call_and_compatible.TestCheckToolWrapper" name="test_cache_disabled_uses_audit_manager" file="tests/test_call_and_compatible.py" line="44" time="0.005" /><testcase classname="tests.test_call_and_compatible.TestCheckToolWrapper" name="test_wrong_os_returns_skipped_result" file="tests/test_call_and_compatible.py" line="27" time="0.001" /><testcase classname="tests.test_call_and_compatible.TestCheckToolWrapper" name="test_correct_os_proceeds" file="tests/test_call_and_compatible.py" line="35" time="0.001" /><testcase classname="tests.test_call_and_compatible.TestCheckToolWrapper" name="test_config_name_set_to_tool_arg" file="tests/test_call_and_compatible.py" line="63" time="0.001" /><testcase classname="tests.test_call_and_compatible.TestCheckToolWrapper" name="test_version_switch_defaults_to_version" file="tests/test_call_and_compatible.py" line="53" time="0.002" /><testcase classname="tests.test_bots.test_02.test_json_utils" name="test_custom_json_serializer_date" file="tests/test_bots/test_02/test_json_utils.py" line="31" time="0.001" /><testcase classname="tests.test_bots.test_02.test_json_utils" name="test_custom_json_serializer_datetime" file="tests/test_bots/test_02/test_json_utils.py" line="25" time="0.001" /><testcase classname="tests.test_bots.test_02.test_json_utils" name="test_custom_json_serializer_unknown" file="tests/test_bots/test_02/test_json_utils.py" line="57" time="0.001" /><testcase classname="tests.test_bots.test_02.test_json_utils" name="test_custom_json_serializer_enum" file="tests/test_bots/test_02/test_json_utils.py" line="48" time="0.001" /><testcase classname="tests.test_bots.test_02.test_json_utils" name="test_custom_json_serializer_dataclass" file="tests/test_bots/test_02/test_json_utils.py" line="37" time="0.001" /><testcase classname="tests.test_bots.test_01.test_view_pipx_stress_test" name="test_get_pipx_list_called_process_error" file="tests/test_bots/test_01/test_view_pipx_stress_test.py" line="6" time="0.005" /><testcase classname="tests.test_bots.test_01.test_view_pipx_stress_test" name="test_report_for_pipx_tools_no_pipx_data" file="tests/test_bots/test_01/test_view_pipx_stress_test.py" line="50" time="0.010" /><testcase classname="tests.test_bots.test_01.test_view_pipx_stress_test" name="test_report_for_pipx_tools_happy_path" file="tests/test_bots/test_01/test_view_pipx_stress_test.py" line="20" time="0.036" /><testcase classname="tests.test_bots.test_01.test_view_pipx_stress_test" name="test_report_for_pipx_tools_empty_data" file="tests/test_bots/test_01/test_view_pipx_stress_test.py" line="38" time="0.002" /><testcase classname="tests.test_bots.test_02.test_view_pipx_stress_test" name="test_extract_apps" file="tests/test_bots/test_02/test_view_pipx_stress_test.py" line="4" time="0.001" /><testcase classname="tests.test_integration" name="test_with_live_tools" file="tests/test_integration.py" line="5" time="0.003" /><testcase classname="tests.test_bots.test_01.test_compatibility_complex" name="test_convert_version_range_invalid[1.2]" file="tests/test_bots/test_01/test_compatibility_complex.py" line="34" time="0.001" /><testcase classname="tests.test_bots.test_01.test_compatibility_complex" name="test_check_range_compatibility[~1.2.0-found_version2-Compatible]" file="tests/test_bots/test_01/test_compatibility_complex.py" line="22" time="0.001" /><testcase classname="tests.test_bots.test_01.test_compatibility_complex" name="test_check_range_compatibility_edge_cases" file="tests/test_bots/test_01/test_compatibility_complex.py" line="90" time="0.001" /><testcase classname="tests.test_bots.test_01.test_compatibility_complex" name="test_check_range_compatibility_invalid_range" file="tests/test_bots/test_01/test_compatibility_complex.py" line="46" time="0.001" /><testcase classname="tests.test_bots.test_01.test_compatibility_complex" name="test_convert_version_range_edge_cases" file="tests/test_bots/test_01/test_compatibility_complex.py" line="63" time="0.001" /><testcase classname="tests.test_bots.test_01.test_compatibility_complex" name="test_convert_version_range[1.2.*-&gt;=1.2.0 &lt;1.3.0]" file="tests/test_bots/test_01/test_compatibility_complex.py" line="8" time="0.001" /><testcase classname="tests.test_bots.test_01.test_compatibility_complex" name="test_convert_version_range[~1.2-&gt;=1.2 &lt;1.3.0]" file="tests/test_bots/test_01/test_compatibility_complex.py" line="8" time="0.001" /><testcase classname="tests.test_bots.test_01.test_compatibility_complex" name="test_convert_version_range_happy_path" file="tests/test_bots/test_01/test_compatibility_complex.py" line="54" time="0.001" /><testcase classname="tests.test_bots.test_01.test_compatibility_complex" name="test_check_range_compatibility[^1.1.1-found_version0-Compatible]" file="tests/test_bots/test_01/test_compatibility_complex.py" line="22" time="0.001" /><testcase classname="tests.test_bots.test_01.test_compatibility_complex" name="test_check_range_compatibility[^1.1.1-found_version1-^1.1.1 != 1.1.0]" file="tests/test_bots/test_01/test_compatibility_complex.py" line="22" time="0.001" /><testcase classname="tests.test_bots.test_01.test_compatibility_complex" name="test_check_range_compatibility_happy_path" file="tests/test_bots/test_01/test_compatibility_complex.py" line="84" time="0.001" /><testcase classname="tests.test_bots.test_01.test_compatibility_complex" name="test_convert_version_range[*-&gt;=0.0.0]" file="tests/test_bots/test_01/test_compatibility_complex.py" line="8" time="0.001" /><testcase classname="tests.test_bots.test_01.test_compatibility_complex" name="test_check_range_compatibility_invalid" file="tests/test_bots/test_01/test_compatibility_complex.py" line="96" time="0.001" /><testcase classname="tests.test_bots.test_01.test_compatibility_complex" name="test_convert_version_range_invalid2" file="tests/test_bots/test_01/test_compatibility_complex.py" line="70" time="0.001" /><testcase classname="tests.test_bots.test_01.test_compatibility_complex" name="test_convert_version_range_invalid[1.2.3.4]" file="tests/test_bots/test_01/test_compatibility_complex.py" line="34" time="0.001" /><testcase classname="tests.test_bots.test_01.test_compatibility_complex" name="test_convert_version_range[1.*-&gt;=1.0.0 &lt;2.0.0]" file="tests/test_bots/test_01/test_compatibility_complex.py" line="8" time="0.001" /><testcase classname="tests.test_bots.test_01.test_compatibility_complex" name="test_convert_version_range[^1.2.3-&gt;=1.2.3 &lt;2.0.0]" file="tests/test_bots/test_01/test_compatibility_complex.py" line="8" time="0.001" /><testcase classname="tests.test_check_complex_compatibility" name="test_convert_version_range" file="tests/test_check_complex_compatibility.py" line="10" time="0.001" /><testcase classname="tests.test_check_complex_compatibility" name="test_check_range_compatibility" file="tests/test_check_complex_compatibility.py" line="5" time="0.001" /><testcase classname="tests.test_bots.test_02.test_compatibility_complex" name="test_check_range_compatibility" file="tests/test_bots/test_02/test_compatibility_complex.py" line="50" time="0.001" /><testcase classname="tests.test_bots.test_02.test_compatibility_complex" name="test_convert_version_range" file="tests/test_bots/test_02/test_compatibility_complex.py" line="29" time="0.001" /><testcase classname="tests.test_known_switches" name="test_known_switches_is_dict" file="tests/test_known_switches.py" line="5" time="0.000" /><testcase classname="tests.test_known_switches" name="test_npm_switch" file="tests/test_known_switches.py" line="9" time="0.001" /><testcase classname="tests.test_known_switches" name="test_terraform_switch" file="tests/test_known_switches.py" line="13" time="0.000" /><testcase classname="tests.test_known_switches" name="test_java_switch" file="tests/test_known_switches.py" line="17" time="0.000" /><testcase classname="tests.test_known_switches" name="test_fallback_for_unknown_tool" file="tests/test_known_switches.py" line="27" time="0.000" /><testcase classname="tests.test_known_switches" name="test_all_values_are_strings" file="tests/test_known_switches.py" line="21" time="0.000" /><testcase classname="tests.test_hypothesis.test_views" name="test_fuzz_pretty_print_results" file="tests/test_hypothesis/test_views.py" line="14" time="1.919" /><testcase classname="tests.test_hypothesis.test_version_parsing" name="test_fuzz_convert2semver" file="tests/test_hypothesis/test_version_parsing.py" line="11" time="0.004" /><testcase classname="tests.test_hypothesis.test_version_parsing" name="test_fuzz_extract_first_semver_version" file="tests/test_hypothesis/test_version_parsing.py" line="16" time="0.050" /><testcase classname="tests.test_hypothesis.test_version_parsing" name="test_fuzz_two_pass_semver_parse" file="tests/test_hypothesis/test_version_parsing.py" line="26" time="0.050" /><testcase classname="tests.test_bots.test_02.test_policy" name="test_apply_policy" file="tests/test_bots/test_02/test_policy.py" line="24" time="0.002" /><testcase classname="tests.test_models_extended.TestFailureReason" name="test_different_version" file="tests/test_models_extended.py" line="115" time="0.001" /><testcase classname="tests.test_models_extended.TestFailureReason" name="test_not_found_string" file="tests/test_models_extended.py" line="111" time="0.001" /><testcase classname="tests.test_models_extended.TestFailureReason" name="test_outdated" file="tests/test_models_extended.py" line="119" time="0.001" /><testcase classname="tests.test_models_extended.TestFailureReason" name="test_wrong_os" file="tests/test_models_extended.py" line="84" time="0.001" /><testcase classname="tests.test_models_extended.TestFailureReason" name="test_compatible" file="tests/test_models_extended.py" line="103" time="0.001" /><testcase classname="tests.test_models_extended.TestFailureReason" name="test_cant_tell" file="tests/test_models_extended.py" line="107" time="0.001" /><testcase classname="tests.test_models_extended.TestFailureReason" name="test_broken" file="tests/test_models_extended.py" line="99" time="0.001" /><testcase classname="tests.test_models_extended.TestFailureReason" name="test_other_compat_string_lowercased" file="tests/test_models_extended.py" line="126" time="0.001" /><testcase classname="tests.test_models_extended.TestFailureReason" name="test_available_existence_schema" file="tests/test_models_extended.py" line="92" time="0.001" /><testcase classname="tests.test_models_extended.TestFailureReason" name="test_not_found" file="tests/test_models_extended.py" line="88" time="0.001" /><testcase classname="tests.test_models_extended.TestStatus" name="test_wrong_os" file="tests/test_models_extended.py" line="137" time="0.001" /><testcase classname="tests.test_models_extended.TestStatus" name="test_different_version" file="tests/test_models_extended.py" line="161" time="0.001" /><testcase classname="tests.test_models_extended.TestStatus" name="test_available_existence" file="tests/test_models_extended.py" line="145" time="0.001" /><testcase classname="tests.test_models_extended.TestStatus" name="test_not_found" file="tests/test_models_extended.py" line="141" time="0.000" /><testcase classname="tests.test_models_extended.TestStatus" name="test_broken" file="tests/test_models_extended.py" line="149" time="0.000" /><testcase classname="tests.test_models_extended.TestStatus" name="test_compatible" file="tests/test_models_extended.py" line="153" time="0.000" /><testcase classname="tests.test_models_extended.TestStatus" name="test_unknown_version" file="tests/test_models_extended.py" line="157" time="0.000" /><testcase classname="tests.test_call_tools_extended.TestCheckToolAvailability" name="test_successful_invocation" file="tests/test_call_tools_extended.py" line="81" time="0.001" /><testcase classname="tests.test_call_tools_extended.TestCheckToolAvailability" name="test_existence_schema_skips_version_call" file="tests/test_call_tools_extended.py" line="108" time="0.001" /><testcase classname="tests.test_call_tools_extended.TestCheckToolAvailability" name="test_version_on_stderr" file="tests/test_call_tools_extended.py" line="115" time="0.001" /><testcase classname="tests.test_call_tools_extended.TestCheckToolAvailability" name="test_nonzero_exit_with_version_output_not_broken" file="tests/test_call_tools_extended.py" line="90" time="0.001" /><testcase classname="tests.test_call_tools_extended.TestCheckToolAvailability" name="test_uses_known_switch_for_npm" file="tests/test_call_tools_extended.py" line="122" time="0.001" /><testcase classname="tests.test_call_tools_extended.TestCheckToolAvailability" name="test_custom_version_switch_used" file="tests/test_call_tools_extended.py" line="131" time="0.001" /><testcase classname="tests.test_call_tools_extended.TestCheckToolAvailability" name="test_nonzero_exit_without_output_is_broken" file="tests/test_call_tools_extended.py" line="99" time="0.001" /><testcase classname="tests.test_call_tools_extended.TestGetCommandLastModifiedDate" name="test_returns_datetime_for_real_tool" file="tests/test_call_tools_extended.py" line="59" time="0.001" /><testcase classname="tests.test_call_tools_extended.TestGetCommandLastModifiedDate" name="test_returns_none_for_nonexistent_tool" file="tests/test_call_tools_extended.py" line="55" time="0.001" /><testcase classname="tests.test_call_tools_extended.TestExtractVersionOutput" name="test_strips_whitespace" file="tests/test_call_tools_extended.py" line="23" time="0.001" /><testcase classname="tests.test_call_tools_extended.TestExtractVersionOutput" name="test_empty_stdout_uses_stderr" file="tests/test_call_tools_extended.py" line="27" time="0.001" /><testcase classname="tests.test_call_tools_extended.TestExtractVersionOutput" name="test_whitespace_only_stdout_uses_stderr" file="tests/test_call_tools_extended.py" line="31" time="0.000" /><testcase classname="tests.test_call_tools_extended.TestExtractVersionOutput" name="test_multiline_stdout_kept_intact" file="tests/test_call_tools_extended.py" line="43" time="0.000" /><testcase classname="tests.test_call_tools_extended.TestExtractVersionOutput" name="test_falls_back_to_stderr" file="tests/test_call_tools_extended.py" line="19" time="0.000" /><testcase classname="tests.test_call_tools_extended.TestExtractVersionOutput" name="test_both_empty_returns_none" file="tests/test_call_tools_extended.py" line="39" time="0.001" /><testcase classname="tests.test_call_tools_extended.TestExtractVersionOutput" name="test_prefers_stdout" file="tests/test_call_tools_extended.py" line="15" time="0.001" /><testcase classname="tests.test_call_tools_extended.TestExtractVersionOutput" name="test_both_none_returns_none" file="tests/test_call_tools_extended.py" line="35" time="0.001" /><testcase classname="tests.test_logging_config" name="test_generate_config_has_cli_tool_audit_logger" file="tests/test_logging_config.py" line="47" time="0.003" /><testcase classname="tests.test_logging_config" name="test_generate_config_has_required_keys" file="tests/test_logging_config.py" line="13" time="0.001" /><testcase classname="tests.test_logging_config" name="test_generate_config_default_uses_colored_formatter" file="tests/test_logging_config.py" line="26" time="0.001" /><testcase classname="tests.test_logging_config" name="test_generate_config_version_is_1" file="tests/test_logging_config.py" line="21" time="0.001" /><testcase classname="tests.test_logging_config" name="test_generate_config_ci_uses_standard_formatter" file="tests/test_logging_config.py" line="35" time="0.001" /><testcase classname="tests.test_logging_config" name="test_generate_config_returns_dict" file="tests/test_logging_config.py" line="8" time="0.001" /><testcase classname="tests.test_logging_config" name="test_generate_config_no_color_uses_standard_formatter" file="tests/test_logging_config.py" line="41" time="0.001" /><testcase classname="tests.test_logging_config" name="test_generate_config_level_parameter" file="tests/test_logging_config.py" line="52" time="0.001" /><testcase classname="tests.test_bots.test_01.test_views" name="test_validate_happy_path" file="tests/test_bots/test_01/test_views.py" line="44" time="0.012" /><testcase classname="tests.test_bots.test_01.test_views" name="test_validate_no_tags" file="tests/test_bots/test_01/test_views.py" line="87" time="0.003" /><testcase classname="tests.test_bots.test_01.test_views" name="test_validate_error_conditions_file_not_found" file="tests/test_bots/test_01/test_views.py" line="78" time="0.001" /><testcase classname="tests.test_bots.test_01.test_views" name="test_validate_file_not_found" file="tests/test_bots/test_01/test_views.py" line="35" time="0.001" /><testcase classname="tests.test_bots.test_01.test_views" name="test_validate_edge_case_empty_tools" file="tests/test_bots/test_01/test_views.py" line="66" time="0.001" /><testcase classname="tests.test_bots.test_01.test_views" name="test_validate[file_path0-True-tags0-1]" file="tests/test_bots/test_01/test_views.py" line="9" time="0.004" /><testcase classname="tests.test_bots.test_02.test_config_reader" name="test_read_config_existing_section" file="tests/test_bots/test_02/test_config_reader.py" line="47" time="0.001" /><testcase classname="tests.test_models" name="test_is_problem_no" file="tests/test_models.py" line="15" time="0.001" /><testcase classname="tests.test_models" name="test_is_problem_yes" file="tests/test_models.py" line="38" time="0.000" /><testcase classname="tests.test_models" name="test_cache_hash_different" file="tests/test_models.py" line="9" time="0.000" /><testcase classname="tests.test_models" name="test_cache_hash" file="tests/test_models.py" line="3" time="0.000" /><testcase classname="tests.test_hypothesis.test_audit_manager" name="test_fuzz_Pep440VersionChecker" file="tests/test_hypothesis/test_audit_manager.py" line="14" time="0.004" /><testcase classname="tests.test_hypothesis.test_audit_manager" name="test_fuzz_SnapshotVersionChecker" file="tests/test_hypothesis/test_audit_manager.py" line="24" time="0.047" /><testcase classname="tests.test_hypothesis.test_audit_manager" name="test_fuzz_VersionResult" file="tests/test_hypothesis/test_audit_manager.py" line="29" time="0.131" /><testcase classname="tests.test_hypothesis.test_audit_manager" name="test_fuzz_SemVerChecker" file="tests/test_hypothesis/test_audit_manager.py" line="19" time="0.048" /><testcase classname="tests.test_hypothesis.test_audit_manager" name="test_fuzz_ExistenceVersionChecker" file="tests/test_hypothesis/test_audit_manager.py" line="9" time="0.003" /><testcase classname="tests.test_freeze_extended.TestInferToolsFromPath" name="test_none_category_checks_all" file="tests/test_freeze_extended.py" line="113" time="0.009" /><testcase classname="tests.test_freeze_extended.TestInferToolsFromPath" name="test_no_duplicates" file="tests/test_freeze_extended.py" line="117" time="0.003" /><testcase classname="tests.test_freeze_extended.TestInferToolsFromPath" name="test_unknown_category_returns_empty" file="tests/test_freeze_extended.py" line="109" time="0.001" /><testcase classname="tests.test_freeze_extended.TestInferToolsFromPath" name="test_python_category_returns_list" file="tests/test_freeze_extended.py" line="104" time="0.001" /><testcase classname="tests.test_freeze_extended.TestInferToolsFromMakefile" name="test_returns_list" file="tests/test_freeze_extended.py" line="85" time="0.014" /><testcase classname="tests.test_freeze_extended.TestInferToolsFromMakefile" name="test_tools_not_on_path_are_excluded" file="tests/test_freeze_extended.py" line="96" time="0.002" /><testcase classname="tests.test_freeze_extended.TestInferToolsFromMakefile" name="test_missing_makefile_returns_empty" file="tests/test_freeze_extended.py" line="92" time="0.001" /><testcase classname="tests.test_bots.test_01.test_logging_config" name="test_generate_config[env_vars1-standard]" file="tests/test_bots/test_01/test_logging_config.py" line="8" time="0.002" /><testcase classname="tests.test_bots.test_01.test_logging_config" name="test_generate_config_default" file="tests/test_bots/test_01/test_logging_config.py" line="41" time="0.001" /><testcase classname="tests.test_bots.test_01.test_logging_config" name="test_generate_config_no_color" file="tests/test_bots/test_01/test_logging_config.py" line="57" time="0.001" /><testcase classname="tests.test_bots.test_01.test_logging_config" name="test_generate_config_ci" file="tests/test_bots/test_01/test_logging_config.py" line="64" time="0.001" /><testcase classname="tests.test_bots.test_01.test_logging_config" name="test_generate_config_no_color_and_ci" file="tests/test_bots/test_01/test_logging_config.py" line="71" time="0.001" /><testcase classname="tests.test_bots.test_01.test_logging_config" name="test_generate_config[env_vars0-standard]" file="tests/test_bots/test_01/test_logging_config.py" line="8" time="0.001" /><testcase classname="tests.test_bots.test_01.test_logging_config" name="test_generate_config_custom_level" file="tests/test_bots/test_01/test_logging_config.py" line="49" time="0.001" /><testcase classname="tests.test_bots.test_01.test_policy" name="test_apply_policy_unexpected_attribute" file="tests/test_bots/test_01/test_policy.py" line="103" time="0.001" /><testcase classname="tests.test_bots.test_01.test_policy" name="test_apply_policy_happy_path" file="tests/test_bots/test_01/test_policy.py" line="57" time="0.002" /><testcase classname="tests.test_bots.test_01.test_policy" name="test_apply_policy[tool_results3-True]" file="tests/test_bots/test_01/test_policy.py" line="8" time="0.001" /><testcase classname="tests.test_bots.test_01.test_policy" name="test_apply_policy[tool_results4-True]" file="tests/test_bots/test_01/test_policy.py" line="8" time="0.001" /><testcase classname="tests.test_bots.test_01.test_policy" name="test_apply_policy[tool_results0-False]" file="tests/test_bots/test_01/test_policy.py" line="8" time="0.001" /><testcase classname="tests.test_bots.test_01.test_policy" name="test_apply_policy[tool_results1-True]" file="tests/test_bots/test_01/test_policy.py" line="8" time="0.001" /><testcase classname="tests.test_bots.test_01.test_policy" name="test_apply_policy_empty_list" file="tests/test_bots/test_01/test_policy.py" line="96" time="0.001" /><testcase classname="tests.test_bots.test_01.test_policy" name="test_apply_policy[tool_results2-True]" file="tests/test_bots/test_01/test_policy.py" line="8" time="0.001" /><testcase classname="tests.test_bots.test_01.test_policy" name="test_apply_policy_mixed_results" file="tests/test_bots/test_01/test_policy.py" line="74" time="0.002" /><testcase classname="tests.test_bots.test_01.test_call_and_compatible" name="test_check_tool_wrapper_happy_path_with_cache_enabled" file="tests/test_bots/test_01/test_call_and_compatible.py" line="114" time="0.006" /><testcase classname="tests.test_bots.test_01.test_call_and_compatible" name="test_check_tool_wrapper[tool_info0-expected_result0]" file="tests/test_bots/test_01/test_call_and_compatible.py" line="10" time="0.001" /><testcase classname="tests.test_bots.test_01.test_call_and_compatible" name="test_check_tool_wrapper_edge_case_no_version" file="tests/test_bots/test_01/test_call_and_compatible.py" line="159" time="0.002" /><testcase classname="tests.test_bots.test_01.test_call_and_compatible" name="test_check_tool_wrapper_happy_path_without_cache" file="tests/test_bots/test_01/test_call_and_compatible.py" line="136" time="0.001" /><testcase classname="tests.test_bots.test_01.test_call_and_compatible" name="test_check_tool_wrapper[tool_info2-expected_result2]" file="tests/test_bots/test_01/test_call_and_compatible.py" line="10" time="0.003" /><testcase classname="tests.test_bots.test_01.test_call_and_compatible" name="test_check_tool_wrapper[tool_info1-expected_result1]" file="tests/test_bots/test_01/test_call_and_compatible.py" line="10" time="0.001" /><testcase classname="tests.test_hypothesis.test_models" name="test_fuzz_ToolCheckResult" file="tests/test_hypothesis/test_models.py" line="64" time="0.297" /><testcase classname="tests.test_hypothesis.test_models" name="test_fuzz_CliToolConfig" file="tests/test_hypothesis/test_models.py" line="12" time="0.215" /><testcase classname="tests.test_hypothesis.test_views" name="test_fuzz_validate" file="tests/test_hypothesis/test_views.py" line="148" time="0.006"><skipped type="pytest.skip" message="Test is slow and hangs">/home/mmartin/github/cli_tool_audit/tests/test_hypothesis/test_views.py:161: Test is slow and hangs</skipped></testcase><testcase classname="tests.test_bots.test_02.test_compatibility" name="test_split_version_match_pattern" file="tests/test_bots/test_02/test_compatibility.py" line="19" time="0.001" /><testcase classname="tests.test_bots.test_02.test_compatibility" name="test_check_compatibility" file="tests/test_bots/test_02/test_compatibility.py" line="27" time="0.003" /><testcase classname="tests.test_hypothesis.test_logging_config" name="test_fuzz_generate_config" file="tests/test_hypothesis/test_logging_config.py" line="9" time="0.052" /><testcase classname="tests.test_config_reader" name="test_read_config_deprecated_version_snapshot" file="tests/test_config_reader.py" line="84" time="0.001" /><testcase classname="tests.test_config_reader" name="test_read_config_multiple_tools" file="tests/test_config_reader.py" line="45" time="0.001" /><testcase classname="tests.test_config_reader" name="test_read_config_invalid_toml_returns_empty_dict_and_prints" file="tests/test_config_reader.py" line="35" time="0.001" /><testcase classname="tests.test_config_reader" name="test_read_config_deprecated_only_check_existence" file="tests/test_config_reader.py" line="72" time="0.001" /><testcase classname="tests.test_config_reader" name="test_read_config_missing_file_returns_empty_dict" file="tests/test_config_reader.py" line="21" time="0.001" /><testcase classname="tests.test_config_reader" name="test_read_config_existence_schema" file="tests/test_config_reader.py" line="60" time="0.001" /><testcase classname="tests.test_config_reader" name="test_read_config_empty_cli_tools_section" file="tests/test_config_reader.py" line="26" time="0.001" /><testcase classname="tests.test_config_reader" name="test_read_config_from_valid_toml" file="tests/test_config_reader.py" line="6" time="0.001" /><testcase classname="tests.test_bots.test_01.test_config_manager" name="test_update_tool_config_non_existent_tool" file="tests/test_bots/test_01/test_config_manager.py" line="94" time="0.002" /><testcase classname="tests.test_bots.test_01.test_config_manager" name="test_read_config_file_not_found" file="tests/test_bots/test_01/test_config_manager.py" line="10" time="0.001" /><testcase classname="tests.test_bots.test_01.test_config_manager" name="test_create_tool_config_existing_tool" file="tests/test_bots/test_01/test_config_manager.py" line="66" time="0.001" /><testcase classname="tests.test_bots.test_01.test_config_manager" name="test_read_config_happy_path" file="tests/test_bots/test_01/test_config_manager.py" line="41" time="0.002" /><testcase classname="tests.test_discover.TestScanMakefile" name="test_missing_makefile_returns_empty" file="tests/test_discover.py" line="63" time="0.011" /><testcase classname="tests.test_discover.TestScanMakefile" name="test_extracts_recipe_tools" file="tests/test_discover.py" line="23" time="0.003" /><testcase classname="tests.test_hypothesis.test_models" name="test_fuzz_ToolAvailabilityResult" file="tests/test_hypothesis/test_models.py" line="44" time="0.122" /><testcase classname="tests.test_discover.TestScanMakefile" name="test_ignores_comments" file="tests/test_discover.py" line="49" time="0.001" /><testcase classname="tests.test_discover.TestScanMakefile" name="test_strips_venv_prefix" file="tests/test_discover.py" line="37" time="0.001" /><testcase classname="tests.test_discover.TestScanDockerfile" name="test_extracts_run_tools" file="tests/test_discover.py" line="93" time="0.003" /><testcase classname="tests.test_discover.TestScanDockerfile" name="test_missing_returns_empty" file="tests/test_discover.py" line="107" time="0.001" /><testcase classname="tests.test_discover.TestScanShellScripts" name="test_extracts_tools_from_scripts" file="tests/test_discover.py" line="113" time="0.003" /><testcase classname="tests.test_discover.TestScanShellScripts" name="test_missing_scripts_dir_returns_empty" file="tests/test_discover.py" line="121" time="0.001" /><testcase classname="tests.test_discover.TestScanPackageJson" name="test_extracts_script_tools" file="tests/test_discover.py" line="69" time="0.002" /><testcase classname="tests.test_discover.TestScanPackageJson" name="test_missing_returns_empty" file="tests/test_discover.py" line="87" time="0.001" /><testcase classname="tests.test_discover.TestScanGithubWorkflows" name="test_missing_workflows_returns_empty" file="tests/test_discover.py" line="138" time="0.004" /><testcase classname="tests.test_discover.TestScanGithubWorkflows" name="test_extracts_run_commands" file="tests/test_discover.py" line="127" time="0.002" /><testcase classname="tests.test_discover.TestDiscoverTools" name="test_aggregates_sources" file="tests/test_discover.py" line="144" time="0.007" /><testcase classname="tests.test_discover.TestDiscoverTools" name="test_returns_sorted_keys" file="tests/test_discover.py" line="166" time="0.002" /><testcase classname="tests.test_discover.TestDiscoverTools" name="test_tool_found_in_multiple_sources" file="tests/test_discover.py" line="157" time="0.001" /><testcase classname="tests.test_version_parsing" name="test_simple_extraction" file="tests/test_version_parsing.py" line="28" time="0.001" /><testcase classname="tests.test_version_parsing" name="test_two_pass" file="tests/test_version_parsing.py" line="50" time="0.001" /><testcase classname="tests.test_version_parsing" name="test_multi_line" file="tests/test_version_parsing.py" line="5" time="0.001" /><testcase classname="tests.test_version_parsing" name="test_two_part" file="tests/test_version_parsing.py" line="45" time="0.001" /><testcase classname="tests.test_version_parsing" name="test_other_cases" file="tests/test_version_parsing.py" line="37" time="0.000" /><testcase classname="tests.test_hypothesis.test_policy" name="test_fuzz_apply_policy" file="tests/test_hypothesis/test_policy.py" line="11" time="0.868" /><testcase classname="tests.test_bots.test_01.test_models" name="test_tool_check_result_edge_case_wrong_os" file="tests/test_bots/test_01/test_models.py" line="158" time="0.001" /><testcase classname="tests.test_bots.test_01.test_models" name="test_tool_check_result[result0-Wrong OS-False]" file="tests/test_bots/test_01/test_models.py" line="8" time="0.001" /><testcase classname="tests.test_bots.test_01.test_models" name="test_tool_check_result[result2-Compatible-False]" file="tests/test_bots/test_01/test_models.py" line="8" time="0.001" /><testcase classname="tests.test_bots.test_01.test_models" name="test_tool_check_result[result1-Not found-True]" file="tests/test_bots/test_01/test_models.py" line="8" time="0.001" /><testcase classname="tests.test_bots.test_01.test_models" name="test_cli_tool_config_edge_cases" file="tests/test_bots/test_01/test_models.py" line="119" time="0.001" /><testcase classname="tests.test_bots.test_01.test_models" name="test_cache_hash_mock_encoding_error" file="tests/test_bots/test_01/test_models.py" line="90" time="0.001" /><testcase classname="tests.test_bots.test_01.test_models" name="test_cli_tool_config_happy_path" file="tests/test_bots/test_01/test_models.py" line="108" time="0.001" /><testcase classname="tests.test_bots.test_01.test_models" name="test_tool_check_result_happy_path" file="tests/test_bots/test_01/test_models.py" line="135" time="0.001" /><testcase classname="tests.test_bots.test_01.test_models" name="test_tool_check_result[result3-Incompatible-True]" file="tests/test_bots/test_01/test_models.py" line="8" time="0.001" /><testcase classname="tests.test_bots.test_01.test_models" name="test_tool_check_result_not_available" file="tests/test_bots/test_01/test_models.py" line="176" time="0.001" /><testcase classname="tests.test_bots.test_01.test_models" name="test_cli_tool_config_cache_hash_error_conditions" file="tests/test_bots/test_01/test_models.py" line="195" time="0.001" /><testcase classname="tests.test_interactive" name="test_interactive_config_manager" file="tests/test_interactive.py" line="6" time="0.017" /><testcase classname="tests.test_audit_cache_extended.TestCustomJsonDeserializer" name="test_converts_last_modified_string" file="tests/test_audit_cache_extended.py" line="37" time="0.007" /><testcase classname="tests.test_audit_cache_extended.TestCustomJsonDeserializer" name="test_ignores_none_last_modified" file="tests/test_audit_cache_extended.py" line="42" time="0.001" /><testcase classname="tests.test_audit_cache_extended.TestCustomJsonDeserializer" name="test_passthrough_for_unrelated_data" file="tests/test_audit_cache_extended.py" line="64" time="0.001" /><testcase classname="tests.test_audit_cache_extended.TestCustomJsonDeserializer" name="test_converts_tool_config" file="tests/test_audit_cache_extended.py" line="47" time="0.001" /><testcase classname="tests.test_audit_cache_extended.TestAuditFacade" name="test_good_results_are_cached" file="tests/test_audit_cache_extended.py" line="128" time="0.004" /><testcase classname="tests.test_audit_cache_extended.TestAuditFacade" name="test_cache_dir_created" file="tests/test_audit_cache_extended.py" line="76" time="0.001" /><testcase classname="tests.test_audit_cache_extended.TestAuditFacade" name="test_second_call_hits_cache" file="tests/test_audit_cache_extended.py" line="139" time="0.002" /><testcase classname="tests.test_audit_cache_extended.TestAuditFacade" name="test_get_cache_filename_sanitizes_dots" file="tests/test_audit_cache_extended.py" line="86" time="0.001" /><testcase classname="tests.test_audit_cache_extended.TestAuditFacade" name="test_get_cache_filename_includes_hash" file="tests/test_audit_cache_extended.py" line="92" time="0.001" /><testcase classname="tests.test_audit_cache_extended.TestAuditFacade" name="test_cache_miss_returns_none" file="tests/test_audit_cache_extended.py" line="98" time="0.001" /><testcase classname="tests.test_audit_cache_extended.TestAuditFacade" name="test_write_then_read_cache" file="tests/test_audit_cache_extended.py" line="105" time="0.001" /><testcase classname="tests.test_audit_cache_extended.TestAuditFacade" name="test_gitignore_created_in_parent" file="tests/test_audit_cache_extended.py" line="80" time="0.001" /><testcase classname="tests.test_audit_cache_extended.TestAuditFacade" name="test_corrupt_cache_file_raises_json_decode_error" file="tests/test_audit_cache_extended.py" line="164" time="0.001" /><testcase classname="tests.test_audit_cache_extended.TestAuditFacade" name="test_clear_old_cache_removes_stale_files" file="tests/test_audit_cache_extended.py" line="151" time="0.001" /><testcase classname="tests.test_audit_cache_extended.TestAuditFacade" name="test_problems_not_cached" file="tests/test_audit_cache_extended.py" line="115" time="0.001" /><testcase classname="tests.test_json_utils" name="test_serializer_handles_datetime_in_nested_dict" file="tests/test_json_utils.py" line="53" time="0.001" /><testcase classname="tests.test_json_utils" name="test_serializes_enum" file="tests/test_json_utils.py" line="31" time="0.001" /><testcase classname="tests.test_json_utils" name="test_serializes_datetime" file="tests/test_json_utils.py" line="11" time="0.000" /><testcase classname="tests.test_json_utils" name="test_serializer_works_in_json_dumps" file="tests/test_json_utils.py" line="44" time="0.001" /><testcase classname="tests.test_json_utils" name="test_serializes_dataclass" file="tests/test_json_utils.py" line="23" time="0.001" /><testcase classname="tests.test_audit_manager.TestSemVerChecker" name="test_format_report_no_parse_returns_invalid" file="tests/test_audit_manager.py" line="62" time="0.011" /><testcase classname="tests.test_audit_manager.TestSemVerChecker" name="test_incompatible_too_old" file="tests/test_audit_manager.py" line="35" time="0.013" /><testcase classname="tests.test_audit_manager.TestSemVerChecker" name="test_wildcard_always_compatible" file="tests/test_audit_manager.py" line="40" time="0.001" /><testcase classname="tests.test_audit_manager.TestSemVerChecker" name="test_invalid_version_string" file="tests/test_audit_manager.py" line="45" time="0.001" /><testcase classname="tests.test_audit_manager.TestSemVerChecker" name="test_format_report_compatible" file="tests/test_audit_manager.py" line="51" time="0.001" /><testcase classname="tests.test_audit_manager.TestAuditManagerSchemas" name="test_pep440_schema" file="tests/test_audit_manager.py" line="230" time="0.007" /><testcase classname="tests.test_audit_manager.TestAuditManagerSchemas" name="test_existence_schema" file="tests/test_audit_manager.py" line="198" time="0.001" /><testcase classname="tests.test_audit_manager.TestAuditManagerSchemas" name="test_semver_schema_compatible" file="tests/test_audit_manager.py" line="218" time="0.001" /><testcase classname="tests.test_audit_manager.TestAuditManagerSchemas" name="test_semver_schema_incompatible" file="tests/test_audit_manager.py" line="224" time="0.001" /><testcase classname="tests.test_audit_manager.TestAuditManagerSchemas" name="test_snapshot_schema_mismatch" file="tests/test_audit_manager.py" line="212" time="0.001" /><testcase classname="tests.test_audit_manager.TestAuditManagerSchemas" name="test_snapshot_schema_match" file="tests/test_audit_manager.py" line="205" time="0.001" /><testcase classname="tests.test_audit_manager.TestExistenceVersionChecker" name="test_not_found_is_incompatible" file="tests/test_audit_manager.py" line="78" time="0.000" /><testcase classname="tests.test_audit_manager.TestExistenceVersionChecker" name="test_found_is_compatible" file="tests/test_audit_manager.py" line="73" time="0.001" /><testcase classname="tests.test_audit_manager.TestExistenceVersionChecker" name="test_format_report_not_found" file="tests/test_audit_manager.py" line="91" time="0.000" /><testcase classname="tests.test_audit_manager.TestExistenceVersionChecker" name="test_invalid_init_raises" file="tests/test_audit_manager.py" line="83" time="0.001" /><testcase classname="tests.test_audit_manager.TestExistenceVersionChecker" name="test_format_report_found" file="tests/test_audit_manager.py" line="87" time="0.001" /><testcase classname="tests.test_audit_manager.TestAuditManagerCallTool" name="test_timeout_exception" file="tests/test_audit_manager.py" line="262" time="0.001" /><testcase classname="tests.test_audit_manager.TestAuditManagerCallTool" name="test_existence_schema_skips_version_call" file="tests/test_audit_manager.py" line="254" time="0.001" /><testcase classname="tests.test_audit_manager.TestAuditManagerCallTool" name="test_tool_not_on_path" file="tests/test_audit_manager.py" line="248" time="0.001" /><testcase classname="tests.test_audit_manager.TestPep440VersionChecker" name="test_range_incompatible" file="tests/test_audit_manager.py" line="142" time="0.003" /><testcase classname="tests.test_audit_manager.TestPep440VersionChecker" name="test_none_desired_is_compatible" file="tests/test_audit_manager.py" line="147" time="0.001" /><testcase classname="tests.test_audit_manager.TestPep440VersionChecker" name="test_exact_match_compatible" file="tests/test_audit_manager.py" line="132" time="0.001" /><testcase classname="tests.test_audit_manager.TestPep440VersionChecker" name="test_range_compatible" file="tests/test_audit_manager.py" line="137" time="0.001" /><testcase classname="tests.test_audit_manager.TestPep440VersionChecker" name="test_format_report_mismatch" file="tests/test_audit_manager.py" line="152" time="0.001" /><testcase classname="tests.test_audit_manager.TestAuditManagerOsFiltering" name="test_wrong_os_skipped" file="tests/test_audit_manager.py" line="164" time="0.001" /><testcase classname="tests.test_audit_manager.TestAuditManagerOsFiltering" name="test_correct_os_not_skipped" file="tests/test_audit_manager.py" line="172" time="0.001" /><testcase classname="tests.test_audit_manager.TestSnapshotVersionChecker" name="test_exact_match_is_compatible" file="tests/test_audit_manager.py" line="102" time="0.001" /><testcase classname="tests.test_audit_manager.TestSnapshotVersionChecker" name="test_format_report_match" file="tests/test_audit_manager.py" line="112" time="0.001" /><testcase classname="tests.test_audit_manager.TestSnapshotVersionChecker" name="test_format_report_mismatch" file="tests/test_audit_manager.py" line="116" time="0.001" /><testcase classname="tests.test_audit_manager.TestSnapshotVersionChecker" name="test_none_desired_is_incompatible" file="tests/test_audit_manager.py" line="120" time="0.000" /><testcase classname="tests.test_audit_manager.TestSnapshotVersionChecker" name="test_mismatch_is_incompatible" file="tests/test_audit_manager.py" line="107" time="0.000" /><testcase classname="tests.test_hypothesis.test_compatibility_complex" name="test_fuzz_convert_version_range" file="tests/test_hypothesis/test_compatibility_complex.py" line="59" time="0.009" /><testcase classname="tests.test_bots.test_01.test_config_reader" name="test_read_config_no_tools" file="tests/test_bots/test_01/test_config_reader.py" line="65" time="0.002" /><testcase classname="tests.test_bots.test_01.test_config_reader" name="test_read_config_malformed_config" file="tests/test_bots/test_01/test_config_reader.py" line="81" time="0.002" /><testcase classname="tests.test_bots.test_01.test_config_reader" name="test_read_config_happy_path" file="tests/test_bots/test_01/test_config_reader.py" line="49" time="0.001" /><testcase classname="tests.test_bots.test_01.test_config_reader" name="test_read_config[False-expected_output0-Config section not found, expected [tool.cli-tools] with values]" file="tests/test_bots/test_01/test_config_reader.py" line="9" time="0.002" /><testcase classname="tests.test_gui.TestHelpTexts" name="test_all_panels_have_help" file="tests/test_gui.py" line="158" time="0.015" /><testcase classname="tests.test_gui.TestHelpTexts" name="test_help_texts_are_nonempty" file="tests/test_gui.py" line="164" time="0.001" /><testcase classname="tests.test_gui.TestImportGuard" name="test_cli_import_does_not_load_tkinter" file="tests/test_gui.py" line="36" time="0.001" /><testcase classname="tests.test_gui.TestBackgroundRunner" name="test_success_callback" file="tests/test_gui.py" line="47" time="0.202" /><testcase classname="tests.test_gui.TestBackgroundRunner" name="test_error_callback" file="tests/test_gui.py" line="64" time="0.202" /><testcase classname="tests.test_freeze_extended.TestFreezeToScreen" name="test_unavailable_tool_not_in_output" file="tests/test_freeze_extended.py" line="75" time="0.008" /><testcase classname="tests.test_freeze_extended.TestFreezeToScreen" name="test_prints_output" file="tests/test_freeze_extended.py" line="68" time="0.009" /><testcase classname="tests.test_gui.TestPanelCreation" name="test_freeze_panel" file="tests/test_gui.py" line="102" time="0.227" /><testcase classname="tests.test_freeze_extended.TestFreezeRequirements" name="test_returns_dict_of_results" file="tests/test_freeze_extended.py" line="24" time="0.001" /><testcase classname="tests.test_freeze_extended.TestFreezeRequirements" name="test_multiple_tools" file="tests/test_freeze_extended.py" line="38" time="0.001" /><testcase classname="tests.test_freeze_extended.TestFreezeRequirements" name="test_unavailable_tool_included" file="tests/test_freeze_extended.py" line="31" time="0.001" /><testcase classname="tests.test_freeze_extended.TestFreezeToConfig" name="test_writes_available_tools_to_config" file="tests/test_freeze_extended.py" line="46" time="0.002" /><testcase classname="tests.test_freeze_extended.TestFreezeToConfig" name="test_skips_unavailable_tools" file="tests/test_freeze_extended.py" line="55" time="0.001" /><testcase classname="tests.test_freeze_extended.TestListPathCategories" name="test_returns_sorted_list" file="tests/test_freeze_extended.py" line="123" time="0.001" /><testcase classname="tests.test_freeze_extended.TestListPathCategories" name="test_returns_list_of_strings" file="tests/test_freeze_extended.py" line="132" time="0.001" /><testcase classname="tests.test_freeze_extended.TestListPathCategories" name="test_contains_expected_categories" file="tests/test_freeze_extended.py" line="127" time="0.001" /><testcase classname="tests.test_json_utils" name="test_raises_on_unserializable_type" file="tests/test_json_utils.py" line="39" time="0.001" /><testcase classname="tests.test_json_utils" name="test_serializes_date" file="tests/test_json_utils.py" line="17" time="0.001" /><testcase classname="tests.test_hypothesis.test_compatibility" name="test_fuzz_check_compatibility" file="tests/test_hypothesis/test_compatibility.py" line="10" time="0.108" /><testcase classname="tests.test_hypothesis.test_compatibility" name="test_fuzz_split_version_match_pattern" file="tests/test_hypothesis/test_compatibility.py" line="15" time="0.053" /><testcase classname="tests.test_stress_tests" name="test_report_for_pipx_tools" file="tests/test_stress_tests.py" line="28" time="0.193" /><testcase classname="tests.test_gui.TestPanelCreation" name="test_single_panel" file="tests/test_gui.py" line="116" time="0.188" /><testcase classname="tests.test_stress_tests" name="test_report_for_npm_tools" file="tests/test_stress_tests.py" line="11" time="0.003"><skipped type="pytest.skip" message="npm not found on path">/home/mmartin/github/cli_tool_audit/tests/test_stress_tests.py:26: npm not found on path</skipped></testcase><testcase classname="tests.test_stress_tests" name="test_report_for_pyproject_toml" file="tests/test_stress_tests.py" line="36" time="2.195" /><testcase classname="tests.test_gui.TestPanelCreation" name="test_welcome_panel" file="tests/test_gui.py" line="88" time="0.195" /><testcase classname="tests.test_gui.TestPanelCreation" name="test_config_panel" file="tests/test_gui.py" line="123" time="0.190" /><testcase classname="tests.test_gui.TestPanelCreation" name="test_audit_panel" file="tests/test_gui.py" line="95" time="0.193" /><testcase classname="tests.test_gui.TestPanelCreation" name="test_discover_panel" file="tests/test_gui.py" line="109" time="0.192" /><testcase classname="tests.test_gui.TestAppCreation" name="test_app_creates_and_destroys" file="tests/test_gui.py" line="132" time="0.264" /><testcase classname="tests.test_gui.TestAppCreation" name="test_panel_switching" file="tests/test_gui.py" line="143" time="0.353" /><testcase classname="tests.test_bots.test_01.test_view_npm_stress_test" name="test_report_for_npm_tools_no_executables" file="tests/test_bots/test_01/test_view_npm_stress_test.py" line="3" time="0.027" /><testcase classname="tests.test_bots.test_02.test_known_switches" name="test_known_switches" file="tests/test_bots/test_02/test_known_switches.py" line="15" time="0.001" /><testcase classname="tests.test_bots.test_02.test_known_switches" name="test_valid_keys" file="tests/test_bots/test_02/test_known_switches.py" line="46" time="0.001" /><testcase classname="tests.test_bots.test_02.test_known_switches" name="test_known_switches_not_empty" file="tests/test_bots/test_02/test_known_switches.py" line="76" time="0.001" /><testcase classname="tests.test_bots.test_02.test_known_switches" name="test_invalid_tool" file="tests/test_bots/test_02/test_known_switches.py" line="31" time="0.001" /><testcase classname="tests.test_bots.test_02.test_known_switches" name="test_valid_switch_values" file="tests/test_bots/test_02/test_known_switches.py" line="61" time="0.001" /><testcase classname="tests.test_main" name="test_demo_command_pipx" file="tests/test_main.py" line="64" time="0.025" /><testcase classname="tests.test_main" name="test_demo_command_venv" file="tests/test_main.py" line="70" time="0.004" /><testcase classname="tests.test_main" name="test_freeze_command" file="tests/test_main.py" line="50" time="0.006" /><testcase classname="tests.test_main" name="test_audit_command" file="tests/test_main.py" line="57" time="0.005" /><testcase classname="tests.test_main" name="test_default_behavior" file="tests/test_main.py" line="38" time="0.004" /><testcase classname="tests.test_freeze" name="test_freeze_to_screen" file="tests/test_freeze.py" line="4" time="0.320" /><testcase classname="tests.test_bots.test_02.test_config_manager" name="test_create_tool_config" file="tests/test_bots/test_02/test_config_manager.py" line="18" time="0.008" /><testcase classname="tests.test_bots.test_02.test_config_manager" name="test_update_tool_config" file="tests/test_bots/test_02/test_config_manager.py" line="31" time="0.003" /><testcase classname="tests.test_bots.test_02.test_config_manager" name="test_delete_tool_config" file="tests/test_bots/test_02/test_config_manager.py" line="60" time="0.002" /><testcase classname="tests.test_bots.test_02.test_config_manager" name="test_create_update_tool_config" file="tests/test_bots/test_02/test_config_manager.py" line="46" time="0.002" /><testcase classname="tests.test_hypothesis.test_audit_cache" name="test_fuzz_AuditFacade[None]" file="tests/test_hypothesis/test_audit_cache.py" line="16" time="0.004" /><testcase classname="tests.test_hypothesis.test_audit_cache" name="test_fuzz_AuditFacade[subdir]" file="tests/test_hypothesis/test_audit_cache.py" line="16" time="0.003" /><testcase classname="tests.test_compatibility_extended.TestSplitVersionMatchPattern" name="test_gte" file="tests/test_compatibility_extended.py" line="14" time="0.001" /><testcase classname="tests.test_compatibility_extended.TestSplitVersionMatchPattern" name="test_lte" file="tests/test_compatibility_extended.py" line="17" time="0.001" /><testcase classname="tests.test_compatibility_extended.TestSplitVersionMatchPattern" name="test_lt" file="tests/test_compatibility_extended.py" line="29" time="0.001" /><testcase classname="tests.test_compatibility_extended.TestSplitVersionMatchPattern" name="test_tilde_eq" file="tests/test_compatibility_extended.py" line="32" time="0.001" /><testcase classname="tests.test_compatibility_extended.TestSplitVersionMatchPattern" name="test_ne" file="tests/test_compatibility_extended.py" line="20" time="0.001" /><testcase classname="tests.test_compatibility_extended.TestSplitVersionMatchPattern" name="test_eq" file="tests/test_compatibility_extended.py" line="23" time="0.001" /><testcase classname="tests.test_compatibility_extended.TestSplitVersionMatchPattern" name="test_gt" file="tests/test_compatibility_extended.py" line="26" time="0.001" /><testcase classname="tests.test_compatibility_extended.TestSplitVersionMatchPattern" name="test_caret" file="tests/test_compatibility_extended.py" line="38" time="0.001" /><testcase classname="tests.test_compatibility_extended.TestSplitVersionMatchPattern" name="test_bare_version" file="tests/test_compatibility_extended.py" line="35" time="0.001" /><testcase classname="tests.test_compatibility_extended.TestCheckCompatibility" name="test_wildcard_with_none_found" file="tests/test_compatibility_extended.py" line="56" time="0.001" /><testcase classname="tests.test_compatibility_extended.TestCheckCompatibility" name="test_no_found_version_cant_tell" file="tests/test_compatibility_extended.py" line="60" time="0.001" /><testcase classname="tests.test_compatibility_extended.TestCheckCompatibility" name="test_wildcard_always_compatible" file="tests/test_compatibility_extended.py" line="52" time="0.001" /><testcase classname="tests.test_compatibility_extended.TestCheckCompatibility" name="test_compatible_gte" file="tests/test_compatibility_extended.py" line="64" time="0.001" /><testcase classname="tests.test_compatibility_extended.TestCheckCompatibility" name="test_caret_range" file="tests/test_compatibility_extended.py" line="82" time="0.001" /><testcase classname="tests.test_compatibility_extended.TestCheckCompatibility" name="test_multiline_version_output" file="tests/test_compatibility_extended.py" line="97" time="0.001" /><testcase classname="tests.test_compatibility_extended.TestCheckCompatibility" name="test_incompatible_gte" file="tests/test_compatibility_extended.py" line="69" time="0.001" /><testcase classname="tests.test_compatibility_extended.TestCheckCompatibility" name="test_lt_incompatible" file="tests/test_compatibility_extended.py" line="110" time="0.001" /><testcase classname="tests.test_compatibility_extended.TestCheckCompatibility" name="test_exact_match" file="tests/test_compatibility_extended.py" line="74" time="0.001" /><testcase classname="tests.test_compatibility_extended.TestCheckCompatibility" name="test_lte_compatible" file="tests/test_compatibility_extended.py" line="106" time="0.001" /><testcase classname="tests.test_compatibility_extended.TestCheckCompatibility" name="test_garbage_version_string_cant_tell" file="tests/test_compatibility_extended.py" line="102" time="0.001" /><testcase classname="tests.test_compatibility_extended.TestCheckCompatibility" name="test_exact_mismatch" file="tests/test_compatibility_extended.py" line="78" time="0.001" /><testcase classname="tests.test_compatibility_extended.TestCheckCompatibility" name="test_caret_range_via_compatibility_complex_directly" file="tests/test_compatibility_extended.py" line="88" time="0.001" /><testcase classname="tests.test_compatibility_extended.TestCheckRangeCompatibility" name="test_caret_out_of_range" file="tests/test_compatibility_extended.py" line="171" time="0.001" /><testcase classname="tests.test_compatibility_extended.TestCheckRangeCompatibility" name="test_lt_operator" file="tests/test_compatibility_extended.py" line="187" time="0.001" /><testcase classname="tests.test_compatibility_extended.TestCheckRangeCompatibility" name="test_tilde_in_range" file="tests/test_compatibility_extended.py" line="175" time="0.001" /><testcase classname="tests.test_compatibility_extended.TestCheckRangeCompatibility" name="test_gte_operator" file="tests/test_compatibility_extended.py" line="183" time="0.001" /><testcase classname="tests.test_compatibility_extended.TestCheckRangeCompatibility" name="test_lt_operator_fails" file="tests/test_compatibility_extended.py" line="191" time="0.001" /><testcase classname="tests.test_compatibility_extended.TestCheckRangeCompatibility" name="test_star_always_compatible" file="tests/test_compatibility_extended.py" line="163" time="0.001" /><testcase classname="tests.test_compatibility_extended.TestCheckRangeCompatibility" name="test_caret_in_range" file="tests/test_compatibility_extended.py" line="167" time="0.001" /><testcase classname="tests.test_compatibility_extended.TestCheckRangeCompatibility" name="test_tilde_out_of_range" file="tests/test_compatibility_extended.py" line="179" time="0.001" /><testcase classname="tests.test_compatibility_extended.TestConvertVersionRange" name="test_caret_major" file="tests/test_compatibility_extended.py" line="121" time="0.001" /><testcase classname="tests.test_compatibility_extended.TestConvertVersionRange" name="test_star_minor_wildcard" file="tests/test_compatibility_extended.py" line="148" time="0.001" /><testcase classname="tests.test_compatibility_extended.TestConvertVersionRange" name="test_tilde_patch" file="tests/test_compatibility_extended.py" line="136" time="0.001" /><testcase classname="tests.test_compatibility_extended.TestConvertVersionRange" name="test_caret_zero_major" file="tests/test_compatibility_extended.py" line="125" time="0.001" /><testcase classname="tests.test_compatibility_extended.TestConvertVersionRange" name="test_star_major_wildcard" file="tests/test_compatibility_extended.py" line="144" time="0.001" /><testcase classname="tests.test_compatibility_extended.TestConvertVersionRange" name="test_caret_zero_major_zero_minor" file="tests/test_compatibility_extended.py" line="129" time="0.001" /><testcase classname="tests.test_compatibility_extended.TestConvertVersionRange" name="test_star_wildcard_alone" file="tests/test_compatibility_extended.py" line="140" time="0.001" /><testcase classname="tests.test_compatibility_extended.TestConvertVersionRange" name="test_invalid_raises" file="tests/test_compatibility_extended.py" line="152" time="0.001" /><testcase classname="tests.test_hypothesis.test_json_utils" name="test_fuzz_custom_json_serializer" file="tests/test_hypothesis/test_json_utils.py" line="10" time="0.006" /><testcase classname="tests.test_stress_tests" name="test_report_for_venv_tools" file="tests/test_stress_tests.py" line="32" time="0.012" /><testcase classname="tests.test_bots.test_02.test_logging_config" name="test_generate_config_default" file="tests/test_bots/test_02/test_logging_config.py" line="42" time="0.001" /><testcase classname="tests.test_bots.test_02.test_logging_config" name="test_generate_config_ci_set" file="tests/test_bots/test_02/test_logging_config.py" line="30" time="0.001" /><testcase classname="tests.test_bots.test_02.test_logging_config" name="test_generate_config_return_type" file="tests/test_bots/test_02/test_logging_config.py" line="47" time="0.001" /><testcase classname="tests.test_bots.test_02.test_logging_config" name="test_generate_config_no_color_set" file="tests/test_bots/test_02/test_logging_config.py" line="24" time="0.001" /><testcase classname="tests.test_bots.test_02.test_logging_config" name="test_generate_config_no_env_set" file="tests/test_bots/test_02/test_logging_config.py" line="36" time="0.001" /><testcase classname="tests.test_audit_manager.TestSemVerChecker" name="test_compatible_with_range" file="tests/test_audit_manager.py" line="30" time="0.001" /><testcase classname="tests.test_audit_manager.TestSemVerChecker" name="test_format_report_incompatible" file="tests/test_audit_manager.py" line="56" time="0.001" /><testcase classname="tests.test_audit_manager.TestSemVerChecker" name="test_compatible_exact_match" file="tests/test_audit_manager.py" line="24" time="0.001" /></testsuite></testsuites>